testdata uid=0 gid=0 time=1672560000 mode=0755 type=dir
testdata/file empty with spaces.txt uid=0 gid=0 time=1672560000 mode=0755 type=file content=testdata/file empty with spaces.txt
testdata/file-empty.txt uid=0 gid=0 time=1672560000 mode=0755 type=file content=testdata/file-empty.txt
